  Определение проектов для восстановления...
  Все проекты обновлены для восстановления.
R:\silksong-manager\silksong_manager\Plugin.cs(22,36): warning CS0108: "Plugin.Config" скрывает наследуемый член "BaseUnityPlugin.Config". Если скрытие было намеренным, используйте ключевое слово new. [R:\silksong-manager\silksong_manager\SilksongManager.csproj]
R:\silksong-manager\silksong_manager\Enemies\EnemyActions.cs(18,34): warning CS0618: "Object.FindObjectsOfType<T>()" является устаревшим: 'Object.FindObjectsOfType has been deprecated. Use Object.FindObjectsByType instead which lets you decide whether you need the results sorted or not.  FindObjectsOfType sorts the results by InstanceID but if you do not need this using FindObjectSortMode.None is considerably faster.' [R:\silksong-manager\silksong_manager\SilksongManager.csproj]
R:\silksong-manager\silksong_manager\Enemies\EnemyActions.cs(43,34): warning CS0618: "Object.FindObjectsOfType<T>()" является устаревшим: 'Object.FindObjectsOfType has been deprecated. Use Object.FindObjectsByType instead which lets you decide whether you need the results sorted or not.  FindObjectsOfType sorts the results by InstanceID but if you do not need this using FindObjectSortMode.None is considerably faster.' [R:\silksong-manager\silksong_manager\SilksongManager.csproj]
R:\silksong-manager\silksong_manager\Enemies\EnemyActions.cs(63,34): warning CS0618: "Object.FindObjectsOfType<T>()" является устаревшим: 'Object.FindObjectsOfType has been deprecated. Use Object.FindObjectsByType instead which lets you decide whether you need the results sorted or not.  FindObjectsOfType sorts the results by InstanceID but if you do not need this using FindObjectSortMode.None is considerably faster.' [R:\silksong-manager\silksong_manager\SilksongManager.csproj]
R:\silksong-manager\silksong_manager\Player\PlayerActions.cs(297,16): error CS1061: "PlayerData" не содержит определения "hasWallJump", и не удалось найти доступный метод расширения "hasWallJump", принимающий тип "PlayerData" в качестве первого аргумента (возможно, пропущена директива using или ссылка на сборку). [R:\silksong-manager\silksong_manager\SilksongManager.csproj]
R:\silksong-manager\silksong_manager\Player\PlayerActions.cs(298,16): error CS1061: "PlayerData" не содержит определения "hasSuperDash", и не удалось найти доступный метод расширения "hasSuperDash", принимающий тип "PlayerData" в качестве первого аргумента (возможно, пропущена директива using или ссылка на сборку). [R:\silksong-manager\silksong_manager\SilksongManager.csproj]
R:\silksong-manager\silksong_manager\Tools\ToolActions.cs(24,13): error CS0176: Доступ к члену "ToolItemManager.UnlockAllTools()" через ссылку на экземпляр невозможен; вместо этого уточните его, указав имя типа. [R:\silksong-manager\silksong_manager\SilksongManager.csproj]
R:\silksong-manager\silksong_manager\Enemies\EnemyActions.cs(81,27): warning CS0618: "Object.FindObjectsOfType<T>()" является устаревшим: 'Object.FindObjectsOfType has been deprecated. Use Object.FindObjectsByType instead which lets you decide whether you need the results sorted or not.  FindObjectsOfType sorts the results by InstanceID but if you do not need this using FindObjectSortMode.None is considerably faster.' [R:\silksong-manager\silksong_manager\SilksongManager.csproj]
R:\silksong-manager\silksong_manager\Enemies\EnemyActions.cs(87,67): error CS1069: Не удалось найти имя типа "Animator" в пространстве имен "UnityEngine". Этот тип был отправлен в сборку "UnityEngine.AnimationModule, Version=0.0.0.0, Culture=neutral, PublicKeyToken=null". Попробуйте добавить ссылку на эту сборку. [R:\silksong-manager\silksong_manager\SilksongManager.csproj]
R:\silksong-manager\silksong_manager\Enemies\EnemyActions.cs(110,27): warning CS0618: "Object.FindObjectsOfType<T>()" является устаревшим: 'Object.FindObjectsOfType has been deprecated. Use Object.FindObjectsByType instead which lets you decide whether you need the results sorted or not.  FindObjectsOfType sorts the results by InstanceID but if you do not need this using FindObjectSortMode.None is considerably faster.' [R:\silksong-manager\silksong_manager\SilksongManager.csproj]
R:\silksong-manager\silksong_manager\Enemies\EnemyActions.cs(116,67): error CS1069: Не удалось найти имя типа "Animator" в пространстве имен "UnityEngine". Этот тип был отправлен в сборку "UnityEngine.AnimationModule, Version=0.0.0.0, Culture=neutral, PublicKeyToken=null". Попробуйте добавить ссылку на эту сборку. [R:\silksong-manager\silksong_manager\SilksongManager.csproj]
R:\silksong-manager\silksong_manager\Tools\ToolActions.cs(40,13): error CS0176: Доступ к члену "ToolItemManager.UnlockAllCrests()" через ссылку на экземпляр невозможен; вместо этого уточните его, указав имя типа. [R:\silksong-manager\silksong_manager\SilksongManager.csproj]
R:\silksong-manager\silksong_manager\Tools\ToolActions.cs(53,25): error CS0176: Доступ к члену "ToolItemManager.GetAllTools()" через ссылку на экземпляр невозможен; вместо этого уточните его, указав имя типа. [R:\silksong-manager\silksong_manager\SilksongManager.csproj]
R:\silksong-manager\silksong_manager\Tools\ToolActions.cs(78,25): error CS0176: Доступ к члену "ToolItemManager.GetUnlockedTools()" через ссылку на экземпляр невозможен; вместо этого уточните его, указав имя типа. [R:\silksong-manager\silksong_manager\SilksongManager.csproj]
R:\silksong-manager\silksong_manager\Tools\ToolActions.cs(103,26): error CS0176: Доступ к члену "ToolItemManager.GetAllCrests()" через ссылку на экземпляр невозможен; вместо этого уточните его, указав имя типа. [R:\silksong-manager\silksong_manager\SilksongManager.csproj]

Ошибка сборки.

R:\silksong-manager\silksong_manager\Plugin.cs(22,36): warning CS0108: "Plugin.Config" скрывает наследуемый член "BaseUnityPlugin.Config". Если скрытие было намеренным, используйте ключевое слово new. [R:\silksong-manager\silksong_manager\SilksongManager.csproj]
R:\silksong-manager\silksong_manager\Enemies\EnemyActions.cs(18,34): warning CS0618: "Object.FindObjectsOfType<T>()" является устаревшим: 'Object.FindObjectsOfType has been deprecated. Use Object.FindObjectsByType instead which lets you decide whether you need the results sorted or not.  FindObjectsOfType sorts the results by InstanceID but if you do not need this using FindObjectSortMode.None is considerably faster.' [R:\silksong-manager\silksong_manager\SilksongManager.csproj]
R:\silksong-manager\silksong_manager\Enemies\EnemyActions.cs(43,34): warning CS0618: "Object.FindObjectsOfType<T>()" является устаревшим: 'Object.FindObjectsOfType has been deprecated. Use Object.FindObjectsByType instead which lets you decide whether you need the results sorted or not.  FindObjectsOfType sorts the results by InstanceID but if you do not need this using FindObjectSortMode.None is considerably faster.' [R:\silksong-manager\silksong_manager\SilksongManager.csproj]
R:\silksong-manager\silksong_manager\Enemies\EnemyActions.cs(63,34): warning CS0618: "Object.FindObjectsOfType<T>()" является устаревшим: 'Object.FindObjectsOfType has been deprecated. Use Object.FindObjectsByType instead which lets you decide whether you need the results sorted or not.  FindObjectsOfType sorts the results by InstanceID but if you do not need this using FindObjectSortMode.None is considerably faster.' [R:\silksong-manager\silksong_manager\SilksongManager.csproj]
R:\silksong-manager\silksong_manager\Enemies\EnemyActions.cs(81,27): warning CS0618: "Object.FindObjectsOfType<T>()" является устаревшим: 'Object.FindObjectsOfType has been deprecated. Use Object.FindObjectsByType instead which lets you decide whether you need the results sorted or not.  FindObjectsOfType sorts the results by InstanceID but if you do not need this using FindObjectSortMode.None is considerably faster.' [R:\silksong-manager\silksong_manager\SilksongManager.csproj]
R:\silksong-manager\silksong_manager\Enemies\EnemyActions.cs(110,27): warning CS0618: "Object.FindObjectsOfType<T>()" является устаревшим: 'Object.FindObjectsOfType has been deprecated. Use Object.FindObjectsByType instead which lets you decide whether you need the results sorted or not.  FindObjectsOfType sorts the results by InstanceID but if you do not need this using FindObjectSortMode.None is considerably faster.' [R:\silksong-manager\silksong_manager\SilksongManager.csproj]
R:\silksong-manager\silksong_manager\Player\PlayerActions.cs(297,16): error CS1061: "PlayerData" не содержит определения "hasWallJump", и не удалось найти доступный метод расширения "hasWallJump", принимающий тип "PlayerData" в качестве первого аргумента (возможно, пропущена директива using или ссылка на сборку). [R:\silksong-manager\silksong_manager\SilksongManager.csproj]
R:\silksong-manager\silksong_manager\Player\PlayerActions.cs(298,16): error CS1061: "PlayerData" не содержит определения "hasSuperDash", и не удалось найти доступный метод расширения "hasSuperDash", принимающий тип "PlayerData" в качестве первого аргумента (возможно, пропущена директива using или ссылка на сборку). [R:\silksong-manager\silksong_manager\SilksongManager.csproj]
R:\silksong-manager\silksong_manager\Tools\ToolActions.cs(24,13): error CS0176: Доступ к члену "ToolItemManager.UnlockAllTools()" через ссылку на экземпляр невозможен; вместо этого уточните его, указав имя типа. [R:\silksong-manager\silksong_manager\SilksongManager.csproj]
R:\silksong-manager\silksong_manager\Enemies\EnemyActions.cs(87,67): error CS1069: Не удалось найти имя типа "Animator" в пространстве имен "UnityEngine". Этот тип был отправлен в сборку "UnityEngine.AnimationModule, Version=0.0.0.0, Culture=neutral, PublicKeyToken=null". Попробуйте добавить ссылку на эту сборку. [R:\silksong-manager\silksong_manager\SilksongManager.csproj]
R:\silksong-manager\silksong_manager\Enemies\EnemyActions.cs(116,67): error CS1069: Не удалось найти имя типа "Animator" в пространстве имен "UnityEngine". Этот тип был отправлен в сборку "UnityEngine.AnimationModule, Version=0.0.0.0, Culture=neutral, PublicKeyToken=null". Попробуйте добавить ссылку на эту сборку. [R:\silksong-manager\silksong_manager\SilksongManager.csproj]
R:\silksong-manager\silksong_manager\Tools\ToolActions.cs(40,13): error CS0176: Доступ к члену "ToolItemManager.UnlockAllCrests()" через ссылку на экземпляр невозможен; вместо этого уточните его, указав имя типа. [R:\silksong-manager\silksong_manager\SilksongManager.csproj]
R:\silksong-manager\silksong_manager\Tools\ToolActions.cs(53,25): error CS0176: Доступ к члену "ToolItemManager.GetAllTools()" через ссылку на экземпляр невозможен; вместо этого уточните его, указав имя типа. [R:\silksong-manager\silksong_manager\SilksongManager.csproj]
R:\silksong-manager\silksong_manager\Tools\ToolActions.cs(78,25): error CS0176: Доступ к члену "ToolItemManager.GetUnlockedTools()" через ссылку на экземпляр невозможен; вместо этого уточните его, указав имя типа. [R:\silksong-manager\silksong_manager\SilksongManager.csproj]
R:\silksong-manager\silksong_manager\Tools\ToolActions.cs(103,26): error CS0176: Доступ к члену "ToolItemManager.GetAllCrests()" через ссылку на экземпляр невозможен; вместо этого уточните его, указав имя типа. [R:\silksong-manager\silksong_manager\SilksongManager.csproj]
    Предупреждений: 6
    Ошибок: 9

Прошло времени 00:00:01.37
