  Determining projects to restore...
  All projects are up-to-date for restore.
R:\silksong-manager\silksong_manager\Enemies\EnemyActions.cs(23,34): warning CS0618: 'Object.FindObjectsOfType<T>()' is obsolete: 'Object.FindObjectsOfType has been deprecated. Use Object.FindObjectsByType instead which lets you decide whether you need the results sorted or not.  FindObjectsOfType sorts the results by InstanceID but if you do not need this using FindObjectSortMode.None is considerably faster.' [R:\silksong-manager\silksong_manager\SilksongManager.csproj]
R:\silksong-manager\silksong_manager\Enemies\EnemyActions.cs(56,34): warning CS0618: 'Object.FindObjectsOfType<T>()' is obsolete: 'Object.FindObjectsOfType has been deprecated. Use Object.FindObjectsByType instead which lets you decide whether you need the results sorted or not.  FindObjectsOfType sorts the results by InstanceID but if you do not need this using FindObjectSortMode.None is considerably faster.' [R:\silksong-manager\silksong_manager\SilksongManager.csproj]
R:\silksong-manager\silksong_manager\Enemies\EnemyActions.cs(81,34): warning CS0618: 'Object.FindObjectsOfType<T>()' is obsolete: 'Object.FindObjectsOfType has been deprecated. Use Object.FindObjectsByType instead which lets you decide whether you need the results sorted or not.  FindObjectsOfType sorts the results by InstanceID but if you do not need this using FindObjectSortMode.None is considerably faster.' [R:\silksong-manager\silksong_manager\SilksongManager.csproj]
R:\silksong-manager\silksong_manager\Enemies\EnemyActions.cs(101,34): warning CS0618: 'Object.FindObjectsOfType<T>()' is obsolete: 'Object.FindObjectsOfType has been deprecated. Use Object.FindObjectsByType instead which lets you decide whether you need the results sorted or not.  FindObjectsOfType sorts the results by InstanceID but if you do not need this using FindObjectSortMode.None is considerably faster.' [R:\silksong-manager\silksong_manager\SilksongManager.csproj]
R:\silksong-manager\silksong_manager\Enemies\EnemyActions.cs(119,27): warning CS0618: 'Object.FindObjectsOfType<T>()' is obsolete: 'Object.FindObjectsOfType has been deprecated. Use Object.FindObjectsByType instead which lets you decide whether you need the results sorted or not.  FindObjectsOfType sorts the results by InstanceID but if you do not need this using FindObjectSortMode.None is considerably faster.' [R:\silksong-manager\silksong_manager\SilksongManager.csproj]
R:\silksong-manager\silksong_manager\Enemies\EnemyActions.cs(148,27): warning CS0618: 'Object.FindObjectsOfType<T>()' is obsolete: 'Object.FindObjectsOfType has been deprecated. Use Object.FindObjectsByType instead which lets you decide whether you need the results sorted or not.  FindObjectsOfType sorts the results by InstanceID but if you do not need this using FindObjectSortMode.None is considerably faster.' [R:\silksong-manager\silksong_manager\SilksongManager.csproj]
R:\silksong-manager\silksong_manager\Plugin.cs(259,39): warning CS0618: 'Object.FindObjectOfType<T>()' is obsolete: 'Object.FindObjectOfType has been deprecated. Use Object.FindFirstObjectByType instead or if finding any instance is acceptable the faster Object.FindAnyObjectByType' [R:\silksong-manager\silksong_manager\SilksongManager.csproj]
R:\silksong-manager\silksong_manager\Menu\MainMenuHook.cs(32,39): warning CS0618: 'Object.FindObjectOfType<T>()' is obsolete: 'Object.FindObjectOfType has been deprecated. Use Object.FindFirstObjectByType instead or if finding any instance is acceptable the faster Object.FindAnyObjectByType' [R:\silksong-manager\silksong_manager\SilksongManager.csproj]
R:\silksong-manager\silksong_manager\SaveState\SaveStateManager.cs(135,22): error CS1061: 'HeroController' does not contain a definition for 'ResetMotion' and no accessible extension method 'ResetMotion' accepting a first argument of type 'HeroController' could be found (are you missing a using directive or an assembly reference?) [R:\silksong-manager\silksong_manager\SilksongManager.csproj]
R:\silksong-manager\silksong_manager\SaveState\SaveStateManager.cs(137,22): error CS1061: 'HeroController' does not contain a definition for 'ResetInput' and no accessible extension method 'ResetInput' accepting a first argument of type 'HeroController' could be found (are you missing a using directive or an assembly reference?) [R:\silksong-manager\silksong_manager\SilksongManager.csproj]
R:\silksong-manager\silksong_manager\SaveState\SaveStateManager.cs(156,22): error CS1061: 'HeroController' does not contain a definition for 'SetState' and no accessible extension method 'SetState' accepting a first argument of type 'HeroController' could be found (are you missing a using directive or an assembly reference?) [R:\silksong-manager\silksong_manager\SilksongManager.csproj]
R:\silksong-manager\silksong_manager\SaveState\SaveStateManager.cs(165,26): error CS1061: 'HeroController' does not contain a definition for 'SetState' and no accessible extension method 'SetState' accepting a first argument of type 'HeroController' could be found (are you missing a using directive or an assembly reference?) [R:\silksong-manager\silksong_manager\SilksongManager.csproj]
R:\silksong-manager\silksong_manager\Menu\MainMenuHook.cs(495,25): warning CS0618: 'Object.FindObjectsOfType<T>()' is obsolete: 'Object.FindObjectsOfType has been deprecated. Use Object.FindObjectsByType instead which lets you decide whether you need the results sorted or not.  FindObjectsOfType sorts the results by InstanceID but if you do not need this using FindObjectSortMode.None is considerably faster.' [R:\silksong-manager\silksong_manager\SilksongManager.csproj]
R:\silksong-manager\silksong_manager\Menu\Keybinds\ModKeybindsScreen.cs(23,44): warning CS0169: The field 'ModKeybindsScreen._pendingEntry' is never used [R:\silksong-manager\silksong_manager\SilksongManager.csproj]
R:\silksong-manager\silksong_manager\Menu\Keybinds\ModKeybindsScreen.cs(24,32): warning CS0169: The field 'ModKeybindsScreen._pendingKeyCode' is never used [R:\silksong-manager\silksong_manager\SilksongManager.csproj]
R:\silksong-manager\silksong_manager\DebugMenu\Windows\ItemsWindow.cs(17,21): warning CS0414: The field 'ItemsWindow._shardsAmount' is assigned but its value is never used [R:\silksong-manager\silksong_manager\SilksongManager.csproj]
R:\silksong-manager\silksong_manager\DebugMenu\Windows\PlayerWindow.cs(17,21): warning CS0414: The field 'PlayerWindow._silkInput' is assigned but its value is never used [R:\silksong-manager\silksong_manager\SilksongManager.csproj]

Build FAILED.

R:\silksong-manager\silksong_manager\Enemies\EnemyActions.cs(23,34): warning CS0618: 'Object.FindObjectsOfType<T>()' is obsolete: 'Object.FindObjectsOfType has been deprecated. Use Object.FindObjectsByType instead which lets you decide whether you need the results sorted or not.  FindObjectsOfType sorts the results by InstanceID but if you do not need this using FindObjectSortMode.None is considerably faster.' [R:\silksong-manager\silksong_manager\SilksongManager.csproj]
R:\silksong-manager\silksong_manager\Enemies\EnemyActions.cs(56,34): warning CS0618: 'Object.FindObjectsOfType<T>()' is obsolete: 'Object.FindObjectsOfType has been deprecated. Use Object.FindObjectsByType instead which lets you decide whether you need the results sorted or not.  FindObjectsOfType sorts the results by InstanceID but if you do not need this using FindObjectSortMode.None is considerably faster.' [R:\silksong-manager\silksong_manager\SilksongManager.csproj]
R:\silksong-manager\silksong_manager\Enemies\EnemyActions.cs(81,34): warning CS0618: 'Object.FindObjectsOfType<T>()' is obsolete: 'Object.FindObjectsOfType has been deprecated. Use Object.FindObjectsByType instead which lets you decide whether you need the results sorted or not.  FindObjectsOfType sorts the results by InstanceID but if you do not need this using FindObjectSortMode.None is considerably faster.' [R:\silksong-manager\silksong_manager\SilksongManager.csproj]
R:\silksong-manager\silksong_manager\Enemies\EnemyActions.cs(101,34): warning CS0618: 'Object.FindObjectsOfType<T>()' is obsolete: 'Object.FindObjectsOfType has been deprecated. Use Object.FindObjectsByType instead which lets you decide whether you need the results sorted or not.  FindObjectsOfType sorts the results by InstanceID but if you do not need this using FindObjectSortMode.None is considerably faster.' [R:\silksong-manager\silksong_manager\SilksongManager.csproj]
R:\silksong-manager\silksong_manager\Enemies\EnemyActions.cs(119,27): warning CS0618: 'Object.FindObjectsOfType<T>()' is obsolete: 'Object.FindObjectsOfType has been deprecated. Use Object.FindObjectsByType instead which lets you decide whether you need the results sorted or not.  FindObjectsOfType sorts the results by InstanceID but if you do not need this using FindObjectSortMode.None is considerably faster.' [R:\silksong-manager\silksong_manager\SilksongManager.csproj]
R:\silksong-manager\silksong_manager\Enemies\EnemyActions.cs(148,27): warning CS0618: 'Object.FindObjectsOfType<T>()' is obsolete: 'Object.FindObjectsOfType has been deprecated. Use Object.FindObjectsByType instead which lets you decide whether you need the results sorted or not.  FindObjectsOfType sorts the results by InstanceID but if you do not need this using FindObjectSortMode.None is considerably faster.' [R:\silksong-manager\silksong_manager\SilksongManager.csproj]
R:\silksong-manager\silksong_manager\Plugin.cs(259,39): warning CS0618: 'Object.FindObjectOfType<T>()' is obsolete: 'Object.FindObjectOfType has been deprecated. Use Object.FindFirstObjectByType instead or if finding any instance is acceptable the faster Object.FindAnyObjectByType' [R:\silksong-manager\silksong_manager\SilksongManager.csproj]
R:\silksong-manager\silksong_manager\Menu\MainMenuHook.cs(32,39): warning CS0618: 'Object.FindObjectOfType<T>()' is obsolete: 'Object.FindObjectOfType has been deprecated. Use Object.FindFirstObjectByType instead or if finding any instance is acceptable the faster Object.FindAnyObjectByType' [R:\silksong-manager\silksong_manager\SilksongManager.csproj]
R:\silksong-manager\silksong_manager\Menu\MainMenuHook.cs(495,25): warning CS0618: 'Object.FindObjectsOfType<T>()' is obsolete: 'Object.FindObjectsOfType has been deprecated. Use Object.FindObjectsByType instead which lets you decide whether you need the results sorted or not.  FindObjectsOfType sorts the results by InstanceID but if you do not need this using FindObjectSortMode.None is considerably faster.' [R:\silksong-manager\silksong_manager\SilksongManager.csproj]
R:\silksong-manager\silksong_manager\Menu\Keybinds\ModKeybindsScreen.cs(23,44): warning CS0169: The field 'ModKeybindsScreen._pendingEntry' is never used [R:\silksong-manager\silksong_manager\SilksongManager.csproj]
R:\silksong-manager\silksong_manager\Menu\Keybinds\ModKeybindsScreen.cs(24,32): warning CS0169: The field 'ModKeybindsScreen._pendingKeyCode' is never used [R:\silksong-manager\silksong_manager\SilksongManager.csproj]
R:\silksong-manager\silksong_manager\DebugMenu\Windows\ItemsWindow.cs(17,21): warning CS0414: The field 'ItemsWindow._shardsAmount' is assigned but its value is never used [R:\silksong-manager\silksong_manager\SilksongManager.csproj]
R:\silksong-manager\silksong_manager\DebugMenu\Windows\PlayerWindow.cs(17,21): warning CS0414: The field 'PlayerWindow._silkInput' is assigned but its value is never used [R:\silksong-manager\silksong_manager\SilksongManager.csproj]
R:\silksong-manager\silksong_manager\SaveState\SaveStateManager.cs(135,22): error CS1061: 'HeroController' does not contain a definition for 'ResetMotion' and no accessible extension method 'ResetMotion' accepting a first argument of type 'HeroController' could be found (are you missing a using directive or an assembly reference?) [R:\silksong-manager\silksong_manager\SilksongManager.csproj]
R:\silksong-manager\silksong_manager\SaveState\SaveStateManager.cs(137,22): error CS1061: 'HeroController' does not contain a definition for 'ResetInput' and no accessible extension method 'ResetInput' accepting a first argument of type 'HeroController' could be found (are you missing a using directive or an assembly reference?) [R:\silksong-manager\silksong_manager\SilksongManager.csproj]
R:\silksong-manager\silksong_manager\SaveState\SaveStateManager.cs(156,22): error CS1061: 'HeroController' does not contain a definition for 'SetState' and no accessible extension method 'SetState' accepting a first argument of type 'HeroController' could be found (are you missing a using directive or an assembly reference?) [R:\silksong-manager\silksong_manager\SilksongManager.csproj]
R:\silksong-manager\silksong_manager\SaveState\SaveStateManager.cs(165,26): error CS1061: 'HeroController' does not contain a definition for 'SetState' and no accessible extension method 'SetState' accepting a first argument of type 'HeroController' could be found (are you missing a using directive or an assembly reference?) [R:\silksong-manager\silksong_manager\SilksongManager.csproj]
    13 Warning(s)
    4 Error(s)

Time Elapsed 00:00:01.52
